-- Autodesk 3ds Max Security Tools is active via configuration settings
-- ALC Security Tool 1.0 loaded.  (c:\programdata\autodesk\applicationplugins\3dsmaxsecuritytools\contents\win64\scripts\ALC_SecurityTool.ms)
-- CRP Security Tool 1.0 loaded.  (c:\programdata\autodesk\applicationplugins\3dsmaxsecuritytools\contents\win64\scripts\CRP_SecurityTool.ms)
-- ADSL Security Tool 1.0 loaded.  (c:\programdata\autodesk\applicationplugins\3dsmaxsecuritytools\contents\win64\scripts\ADSL_SecurityTool.ms)

"root D:\project_3ds\serverData\models\1578735899838"
